// Jest Snapshot v1, https://goo.gl/fbAQLP

exports[`MovieList test MovieList snapshot 1`] = `
<div
  className="movies-list-wrapper content"
>
  <p
    className="counter"
  >
    Loading...
  </p>
</div>
`;
