// Jest Snapshot v1, https://goo.gl/fbAQLP

exports[`Header test CloseBtn snapshot 1`] = `
<div
  className="header"
>
  <div
    className="content"
  >
    <div
      className="top-header"
    >
      <p
        className="logo"
      >
        <span>
          netflix
        </span>
        roulette
      </p>
      <button
        className="btn add-btn"
        onClick={[MockFunction]}
        type="button"
      >
        + Add movie
      </button>
    </div>
    <div
      className="search-bar"
    >
      <h1
        className="title"
      >
        Find your movie
      </h1>
      <input
        className="search-field"
        onChange={[Function]}
        placeholder="What do you want to watch?"
        value=""
      />
      <button
        className="search-btn"
        onClick={[Function]}
        type="button"
      >
        Search
      </button>
    </div>
  </div>
</div>
`;
