// Jest Snapshot v1, https://goo.gl/fbAQLP

exports[`CloseBtn test CloseBtn snapshot 1`] = `
<div
  className="close-btn"
  data-testid="close-btn"
  onClick={[MockFunction]}
/>
`;
