// Jest Snapshot v1, https://goo.gl/fbAQLP

exports[`ModalWrapper test ModalWrapper snapshot 1`] = `
<div
  className="modal active"
>
  <div
    className="modal-content"
    onClick={[Function]}
  >
    <p>
      test
    </p>
  </div>
</div>
`;
