// Jest Snapshot v1, https://goo.gl/fbAQLP

exports[`ErrorBoundary test ErrorBoundary snapshot 1`] = `
<div>
  test
</div>
`;
